// Jest Snapshot v1, https://goo.gl/fbAQLP

exports[`should render component 1`] = `
<div>
   
  <h2>
     404- page not found! 
  </h2>
   
</div>
`;
